{"sourceCommit": "a1d606c588ceb849c6a85561a9820c6ab6885e58", "wasmSha256": "fa55334543c5e22ef64ea7adb3a7583f134a071fc3c739a91c86a0bc0d49e337", "wasmBytes": 603800}
Cloning into '/opt/bnl-validation/portfolio-20260928'...
Unable to find image 'node:24-bookworm' locally
24-bookworm: Pulling from library/node
4cc81be23c06: Pulling fs layer
de9e8d0a0071: Pulling fs layer
496e07b192ff: Pulling fs layer
81578410df16: Pulling fs layer
7b2de2423ebd: Pulling fs layer
eaac70c68abd: Pulling fs layer
240de4f9ec20: Pulling fs layer
7f25c0042239: Pulling fs layer
7f25c0042239: Download complete
496e07b192ff: Download complete
4cc81be23c06: Download complete
26d180362d43: Download complete
7b2de2423ebd: Download complete
f133ed9f16b1: Download complete
eaac70c68abd: Download complete
240de4f9ec20: Download complete
81578410df16: Download complete
de9e8d0a0071: Download complete
eaac70c68abd: Pull complete
7b2de2423ebd: Pull complete
81578410df16: Pull complete
7f25c0042239: Pull complete
de9e8d0a0071: Pull complete
496e07b192ff: Pull complete
240de4f9ec20: Pull complete
4cc81be23c06: Pull complete
Digest: sha256:64af3819f9275802414d7cdc38c27e9d82bd564dec4d4da87d008255d36c63b4
Status: Downloaded newer image for node:24-bookworm
npm warn deprecated recharts@2.15.4: 1.x and 2.x branches are no longer active. Bump to Recharts v3 to receive latest features and bugfixes. See https://github.com/recharts/recharts/wiki/3.0-migration-guide

added 611 packages, and audited 612 packages in 21s

92 packages are looking for funding
  run `npm fund` for details

11 vulnerabilities (5 moderate, 6 high)

To address all issues, run:
  npm audit fix

Run `npm audit` for details.
npm warn install-scripts 1 package has install scripts not yet covered by allowScripts:
npm warn install-scripts   esbuild@0.28.1 (postinstall: node install.js)
npm warn install-scripts
npm warn install-scripts Run `npm install-scripts ls` to review, or `npm install-scripts approve <pkg>` to allow.
npm notice
npm notice New major version of npm available! 11.19.0 -> 12.1.0
npm notice Changelog: https://github.com/npm/cli/releases/tag/v12.1.0
npm notice To update run: npm install -g npm@12.1.0
npm notice

> edward-entire-portfolio@1.0.0 build
> tsc -b && vite build

vite v7.3.6 building client environment for production...
transforming...
✓ 2734 modules transformed.
rendering chunks...
computing gzip size...
dist/index.html                             0.99 kB │ gzip:   0.47 kB
dist/assets/index-BVzFMiQ7.css            201.35 kB │ gzip:  39.26 kB
dist/assets/ScrollTrigger-BrDuEirF.js      43.55 kB │ gzip:  18.11 kB
dist/assets/index-D4-8ALNT.js              70.43 kB │ gzip:  27.68 kB
dist/assets/index-LeiSvGcK.js             544.70 kB │ gzip: 176.21 kB
dist/assets/WorkstationScene-BJtw91Ff.js  920.54 kB │ gzip: 250.49 kB

(!) Some chunks are larger than 500 kB after minification. Consider:
- Using dynamic import() to code-split the application
- Use build.rollupOptions.output.manualChunks to improve chunking: https://rollupjs.org/configuration-options/#output-manualchunks
- Adjust chunk size limit for this warning via build.chunkSizeWarningLimit.
✓ built in 18.23s

> edward-entire-portfolio@1.0.0 lint
> eslint .


> edward-entire-portfolio@1.0.0 test
> vitest run


[1m[30m[46m RUN [49m[39m[22m [36mv4.1.10 [39m[90m/work[39m

 [32m✓[39m src/__tests__/CinematicHero.test.tsx [2m([22m[2m6 tests[22m[2m)[22m[33m 796[2mms[22m[39m
     [33m[2m✓[22m[39m lets chapter controls jump to the matching point in the build sequence [33m 494[2mms[22m[39m
 [32m✓[39m src/__tests__/QuickHelp.test.tsx [2m([22m[2m9 tests[22m[2m)[22m[33m 1045[2mms[22m[39m
 [32m✓[39m src/__tests__/Articles.test.tsx [2m([22m[2m7 tests[22m[2m)[22m[33m 725[2mms[22m[39m
     [33m[2m✓[22m[39m publishes GroundControl and Ghana Health AI essays without placeholders [33m 521[2mms[22m[39m
 [32m✓[39m src/__tests__/App.test.tsx [2m([22m[2m2 tests[22m[2m)[22m[33m 1165[2mms[22m[39m
     [33m[2m✓[22m[39m renders the portfolio shell: navigation, home hero, and footer [33m 935[2mms[22m[39m
 [32m✓[39m src/__tests__/Research.test.tsx [2m([22m[2m2 tests[22m[2m)[22m[33m 708[2mms[22m[39m
     [33m[2m✓[22m[39m shows the current research programme and active evidence sources [33m 582[2mms[22m[39m
 [32m✓[39m src/__tests__/ScreenTimeline.test.ts [2m([22m[2m3 tests[22m[2m)[22m[32m 4[2mms[22m[39m
 [32m✓[39m src/__tests__/Projects.test.tsx [2m([22m[2m1 test[22m[2m)[22m[33m 443[2mms[22m[39m
     [33m[2m✓[22m[39m separates flagship work from the wider archive [33m 441[2mms[22m[39m

[2m Test Files [22m [1m[32m7 passed[39m[22m[90m (7)[39m
[2m      Tests [22m [1m[32m30 passed[39m[22m[90m (30)[39m
[2m   Start at [22m 00:52:09
[2m   Duration [22m 15.80s[2m (transform 1.68s, setup 947ms, import 2.12s, tests 4.89s, environment 6.05s)[22m

